board.c:445:6:BOARD_SetPinsLowPower.part.0	24	static
board.c:403:17:ADC16_ReadValue.constprop	24	static
board.c:169:6:hardware_init	24	static
board.c:245:6:NMI_Handler	8	static
board.c:252:6:BOARD_InitAdc	24	static
board.c:264:9:BOARD_GetBatteryLevel	16	static
board.c:278:10:BOARD_GetPotentiometerLevel	16	static
board.c:286:9:BOARD_GetTemperature	16	static
board.c:313:6:BOARD_DCDCInit	0	static
board.c:322:6:BOARD_GetMCUUid	24	static
board.c:437:6:BOARD_InstallLowPowerCallbacks	0	static
board.c:445:6:BOARD_SetPinsLowPower	16	static
board.c:469:6:BOARD_EnterLowPowerCb	8	static
board.c:482:6:BOARD_ExitLowPowerCb	8	static
board.c:494:10:BOARD_GetLpuartClock	8	static
board.c:520:10:BOARD_GetTpmClock	8	static
board.c:546:10:BOARD_GetSpiClock	8	static
board.c:552:10:BOARD_GetI2cClock	8	static
board.c:570:6:BOARD_BLPEtoBLPI	0	static
board.c:574:6:BOARD_BLPItoBLPE	0	static
