GPIO_Adapter.c:556:13:Gpio_CommonIsr	24	static
core_cm0plus.h:804:22:NVIC_SetPriority	8	static
GPIO_Adapter.c:74:10:GpioGetPinPCR	0	static
GPIO_Adapter.c:87:6:GpioSetPinPCR	0	static
GPIO_Adapter.c:100:6:GpioSetPinPCR_ISF_Preserved	0	static
GPIO_Adapter.c:106:16:GpioGetPinInterrupt	0	static
GPIO_Adapter.c:113:6:GpioSetPinInterrupt	0	static
GPIO_Adapter.c:118:6:GpioSetSlewRate	0	static
GPIO_Adapter.c:129:6:GpioSetOpenDrain	0	static
GPIO_Adapter.c:154:6:GpioSetPassiveFilter	0	static
GPIO_Adapter.c:177:6:GpioSetPinPullMode	0	static
GPIO_Adapter.c:198:6:GpioSetPinMux	0	static
GPIO_Adapter.c:212:6:GpioSetPinMux_ISF_Preserved	0	static
GPIO_Adapter.c:226:6:GpioClearPinIntFlag	0	static
GPIO_Adapter.c:239:10:GpioIsPinIntPending	0	static
GPIO_Adapter.c:254:6:GpioSetPinOutput	0	static
GPIO_Adapter.c:268:6:GpioClearPinOutput	0	static
GPIO_Adapter.c:282:6:GpioTogglePinOutput	0	static
GPIO_Adapter.c:296:10:GpioReadOutputPin	0	static
GPIO_Adapter.c:310:10:GpioReadPinInput	0	static
GPIO_Adapter.c:324:8:GpioInputPinInit	32	static
GPIO_Adapter.c:364:8:GpioOutputPinInit	24	static
GPIO_Adapter.c:407:14:GpioInstallIsr	56	static
GPIO_Adapter.c:496:14:GpioUninstallIsr	24	static
