NV_Flash.c:2984:15:NvIsNVMFlashAddress	0	static
NV_Flash.c:4743:21:NvGetEntryFromDataPtr	32	static
NV_Flash.c:5456:17:NvGetTableEntryIndexFromId	16	static
NV_Flash.c:1550:17:NvGetFlashTableSize	40	static
NV_Flash.c:3496:21:NvGetMetaInfo	16	static
NV_Flash.c:3527:21:NvGetPageFreeSpace	48	static
NV_Flash.c:2742:13:__NvmRestoreUnmirrored	40	static
NV_Flash.c:3421:21:NvUpdateLastMetaInfoAddress	40	static
NV_Flash.c:1488:15:NvGetTableEntry	32	static
NV_Flash.c:4479:15:NvSaveRamTable	72	static
NV_Flash.c:3730:21:NvInternalCopy	120	static
NV_Flash.c:3591:15:NvIsMemoryAreaAvailable	16	static
NV_Flash.c:3391:21:NvVirtualPageBlankCheck.part.2	8	static
NV_Flash.c:3263:13:NvInitStorageSystem	40	static
NV_Flash.c:3033:15:NvPushPendingSave.constprop	24	static
NV_Flash.c:3221:21:NvEraseVirtualPage	8	static
NV_Flash.c:4428:21:NvInternalFormat	16	static
NV_Flash.c:4794:21:NvWriteRecord	64	static
NV_Flash.c:3139:13:InitNVMConfig.part.4	88	static
NV_Flash.c:1286:10:GetFlashTableVersion	8	static
NV_Flash.c:1380:14:RecoverNvEntry	0	static
NV_Flash.c:2040:8:__NvIsDataSetDirty	24	static
NV_Flash.c:2710:8:NvIsRecordErased	40	static
NV_Flash.c:4116:21:NvCopyPage.constprop	152	static
NV_Flash.c:1729:21:__NvSyncSave	16	static
NV_Flash.c:1604:21:__NvAtomicSave	32	static
NV_Flash.c:5556:21:NvAddSaveRequestToQueue	40	static
NV_Flash.c:2186:15:__NvTimerTick.part.7	48	static
NV_Flash.c:1922:13:__NvIdle	32	static
NV_Flash.c:5910:14:NvModuleInit	32	static
NV_Flash.c:5951:14:NvMoveToRam	48	static
NV_Flash.c:5977:14:NvErase	40	static
NV_Flash.c:6005:14:NvSaveOnIdle	32	static
NV_Flash.c:6036:14:NvSaveOnInterval	24	static
NV_Flash.c:6062:14:NvSaveOnCount	24	static
NV_Flash.c:6089:6:NvSetMinimumTicksBetweenSaves	0	static
NV_Flash.c:6109:6:NvSetCountsBetweenSaves	0	static
NV_Flash.c:6131:8:NvTimerTick	16	static
NV_Flash.c:6158:14:NvRestoreDataSet	56	static
NV_Flash.c:6183:6:NvClearCriticalSection	8	static
NV_Flash.c:6207:6:NvSetCriticalSection	8	static
NV_Flash.c:6227:6:NvIdle	8	static
NV_Flash.c:6249:7:NvGetNvIdleTaskId	0	static
NV_Flash.c:6267:8:NvIsDataSetDirty	16	static
NV_Flash.c:6292:6:NvGetPagesStatistics	0	static
NV_Flash.c:6341:14:NvFormat	56	static
NV_Flash.c:6375:14:NvRegisterTableEntry	0	static
NV_Flash.c:6413:14:NvEraseEntryFromStorage	0	static
NV_Flash.c:6464:14:NvSyncSave	16	static
NV_Flash.c:6500:14:NvAtomicSave	16	static
NV_Flash.c:6522:6:NvShutdown	16	static
NV_Flash.c:6538:6:NvCompletePendingOperations	24	static
NV_Flash.c:6578:6:NvProgramFlash	8	static
