app.c:1000:13:Uart_RxCallBack	64	static
app.c:1023:13:BatteryMeasurementTimerCallback	8	static
app.c:1013:13:Uart_TxCallBack	8	static
app.c:989:13:UartStreamFlushTimerCallback	8	static
app.c:844:13:BleApp_SendUartStream	64	static
app.c:937:13:BleApp_FlushUartStream	8	static
app.c:539:13:BleApp_AdvertisingCallback	8	static
app.c:745:13:BleApp_GattServerCallback	24	static
app.c:476:13:BleApp_ScanningCallback	40	static
app.c:923:13:ScaningTimerCallback	8	static
app.c:224:6:BleApp_Init	40	static
app.c:262:6:BleApp_Start	8	static
app.c:287:6:BleApp_HandleKeys	8	static
app.c:315:6:BleApp_GenericCallback	112	static
app.c:355:10:Serial_CustomSendData	40	static
app.c:859:6:BleApp_StateMachineHandler	16	static
app.c:568:13:BleApp_ConnectionCallback	32	static
app.c:674:13:BleApp_ServiceDiscoveryCallback	8	static
app.c:717:13:BleApp_GattClientCallback	24	static
app.c:952:6:BleApp_SerialSyncWrite	8	static
