ApplMain.c:538:13:App_Idle_Task	8	static
ApplMain.c:1087:13:App_ConnectionCallback	24	static
ApplMain.c:1180:13:App_AdvertisingCallback	8	static
ApplMain.c:1200:13:App_ScanningCallback	16	static
ApplMain.c:1244:13:App_GattServerCallback	16	static
ApplMain.c:1286:13:App_GattClientProcedureCallback	24	static
ApplMain.c:1313:13:App_GattClientNotificationCallback	32	static
ApplMain.c:1346:13:App_GattClientIndicationCallback	32	static
ApplMain.c:1412:13:App_L2caLeControlCallback	24	static
ApplMain.c:1379:13:App_L2caLeDataCallback	32	static
ApplMain.c:424:6:BleApp_Thread	16	static
ApplMain.c:581:13:App_Connect	8	static
ApplMain.c:591:13:App_StartAdvertising	8	static
ApplMain.c:602:13:App_StartScanning	8	static
ApplMain.c:613:13:App_RegisterGattServerCallback	8	static
ApplMain.c:620:13:App_RegisterGattClientProcedureCallback	8	static
ApplMain.c:627:13:App_RegisterGattClientNotificationCallback	8	static
ApplMain.c:634:13:App_RegisterGattClientIndicationCallback	8	static
ApplMain.c:641:13:App_RegisterLeCbCallbacks	8	static
ApplMain.c:653:13:App_PostCallbackMessage	16	static
ApplMain.c:681:6:App_NvmErase	16	static
ApplMain.c:705:6:App_NvmWrite	64	static
ApplMain.c:829:6:App_NvmRead	48	static
ApplMain.c:1068:6:App_GenericCallback	16	static
