thread_router_bluetooth_wireless_uart_hybrid_app.c:508:13:APP_ThrNwkJoin	8	static
thread_router_bluetooth_wireless_uart_hybrid_app.c:757:13:App_UpdateStateLeds	8	static
thread_router_bluetooth_wireless_uart_hybrid_app.c:1384:13:App_RestoreLeaderLed	8	static
thread_router_bluetooth_wireless_uart_hybrid_app.c:1117:13:APP_LocalDataSinkRelease	24	static
thread_router_bluetooth_wireless_uart_hybrid_app.c:916:20:APP_SendDataSinkCommand	32	static
thread_router_bluetooth_wireless_uart_hybrid_app.c:967:13:APP_SendDataSinkRelease	16	static
thread_router_bluetooth_wireless_uart_hybrid_app.c:867:13:APP_ReportTemp	24	static
thread_router_bluetooth_wireless_uart_hybrid_app.c:1274:13:APP_CoapTempCb	88	static
thread_router_bluetooth_wireless_uart_hybrid_app.c:526:13:App_JoinTimerCallback	8	static
thread_router_bluetooth_wireless_uart_hybrid_app.c:731:13:App_HandleKeyboard	16	static
thread_router_bluetooth_wireless_uart_hybrid_app.c:829:13:APP_CoapGenericCallback	8	static
thread_router_bluetooth_wireless_uart_hybrid_app.c:1345:13:APP_CoapSinkCb	16	static
thread_router_bluetooth_wireless_uart_hybrid_app.c:1170:13:APP_ProcessLedCmd	32	static
thread_router_bluetooth_wireless_uart_hybrid_app.c:991:13:APP_SendLedCommand	32	static
thread_router_bluetooth_wireless_uart_hybrid_app.c:1099:13:APP_SendLedColorWheel	24	static
thread_router_bluetooth_wireless_uart_hybrid_app.c:1082:13:APP_SendLedFlash	16	static
thread_router_bluetooth_wireless_uart_hybrid_app.c:1065:13:APP_SendLedRgbOff	32	static
thread_router_bluetooth_wireless_uart_hybrid_app.c:1034:13:APP_SendLedRgbOn	64	static
thread_router_bluetooth_wireless_uart_hybrid_app.c:945:13:APP_SendDataSinkCreate	16	static
thread_router_bluetooth_wireless_uart_hybrid_app.c:1140:13:APP_CoapLedCb	16	static
thread_router_bluetooth_wireless_uart_hybrid_app.c:177:6:APP_Init	80	static
thread_router_bluetooth_wireless_uart_hybrid_app.c:239:6:APP_Handler	8	static
thread_router_bluetooth_wireless_uart_hybrid_app.c:264:6:APP_NwkScanHandler	16	static
thread_router_bluetooth_wireless_uart_hybrid_app.c:290:6:Stack_to_APP_Handler	16	static
thread_router_bluetooth_wireless_uart_hybrid_app.c:398:6:APP_Commissioning_Handler	72	static
thread_router_bluetooth_wireless_uart_hybrid_app.c:466:6:App_RestoreLeaderLedCb	8	static
